// Jest Snapshot v1, https://goo.gl/fbAQLP

exports[`Component: Calendar initial snapshot 1`] = `
<div
  className="max-w-md"
>
  <label
    className="MuiFormLabel-root MuiInputLabel-root MuiInputLabel-animated MuiInputLabel-sizeSmall MuiInputLabel-outlined MuiFormLabel-colorPrimary MuiInputLabel-root MuiInputLabel-animated MuiInputLabel-sizeSmall MuiInputLabel-outlined css-clzcj4-MuiFormLabel-root-MuiInputLabel-root"
    htmlFor="birthday"
    size="small"
  >
    Birthday
  </label>
  <div
    className="MuiInputBase-root MuiOutlinedInput-root MuiInputBase-colorPrimary MuiInputBase-fullWidth css-7bdm4b-MuiInputBase-root-MuiOutlinedInput-root"
    onClick={[Function]}
  >
    <input
      className="MuiInputBase-input MuiOutlinedInput-input css-p51h6s-MuiInputBase-input-MuiOutlinedInput-input"
      name="birthday"
      onAnimationStart={[Function]}
      onBlur={[Function]}
      onChange={[Function]}
      onFocus={[Function]}
      placeholder="mm/dd/yyyy"
      type="text"
      value=""
    />
    <fieldset
      aria-hidden={true}
      className="MuiOutlinedInput-notchedOutline css-9425fu-MuiOutlinedInput-notchedOutline"
    >
      <legend
        className="css-ihdtdm"
      >
        <span
          className="notranslate"
        >
          â€‹
        </span>
      </legend>
    </fieldset>
  </div>
</div>
`;
