// Jest Snapshot v1, https://goo.gl/fbAQLP

exports[`Component: Password initial snapshot 1`] = `
<div
  className="max-w-md"
>
  <label
    className="relative inline-block text-sm bg-black p-1 -bottom-4 left-3"
    htmlFor="pw"
  >
    Password
  </label>
  <input
    className="w-full border-2 border-gray-500 hover:border-white active:border-sky-500 focus:border-sky-500 focus-visible:outline-none rounded-md text-lg bg-black p-4"
    id="pw"
    name="pw"
    onChange={[Function]}
    placeholder="Password"
    type="password"
  />
  <div
    className="w-full rounded-md bg-neutral-800 mt-4 p-4"
  >
    <div
      className="flex flex-none items-center py-1 mb-2 last:mb-0"
    >
      <svg
        className="w-6 h-6 stroke-zinc-500"
        fill="none"
        strokeWidth="1.5"
        viewBox="0 0 24 24"
        xmlns="http://www.w3.org/2000/svg"
      >
        <path
          d="M9 12.75 11.25 15 15 9.75M21 12a9 9 0 1 1-18 0 9 9 0 0 1 18 0Z"
          strokeLinecap="round"
          strokeLinejoin="round"
        />
      </svg>
      <span
        className="leading-6 ml-3"
      >
        Have at least one uppercase letter
      </span>
    </div>
    <div
      className="flex flex-none items-center py-1 mb-2 last:mb-0"
    >
      <svg
        className="w-6 h-6 stroke-zinc-500"
        fill="none"
        strokeWidth="1.5"
        viewBox="0 0 24 24"
        xmlns="http://www.w3.org/2000/svg"
      >
        <path
          d="M9 12.75 11.25 15 15 9.75M21 12a9 9 0 1 1-18 0 9 9 0 0 1 18 0Z"
          strokeLinecap="round"
          strokeLinejoin="round"
        />
      </svg>
      <span
        className="leading-6 ml-3"
      >
        Have at least one lowercase letter
      </span>
    </div>
    <div
      className="flex flex-none items-center py-1 mb-2 last:mb-0"
    >
      <svg
        className="w-6 h-6 stroke-zinc-500"
        fill="none"
        strokeWidth="1.5"
        viewBox="0 0 24 24"
        xmlns="http://www.w3.org/2000/svg"
      >
        <path
          d="M9 12.75 11.25 15 15 9.75M21 12a9 9 0 1 1-18 0 9 9 0 0 1 18 0Z"
          strokeLinecap="round"
          strokeLinejoin="round"
        />
      </svg>
      <span
        className="leading-6 ml-3"
      >
        Have at least one number
      </span>
    </div>
    <div
      className="flex flex-none items-center py-1 mb-2 last:mb-0"
    >
      <svg
        className="w-6 h-6 stroke-zinc-500"
        fill="none"
        strokeWidth="1.5"
        viewBox="0 0 24 24"
        xmlns="http://www.w3.org/2000/svg"
      >
        <path
          d="M9 12.75 11.25 15 15 9.75M21 12a9 9 0 1 1-18 0 9 9 0 0 1 18 0Z"
          strokeLinecap="round"
          strokeLinejoin="round"
        />
      </svg>
      <span
        className="leading-6 ml-3"
      >
        Have at least one special character (!@#$...etc)
      </span>
    </div>
    <div
      className="flex flex-none items-center py-1 mb-2 last:mb-0"
    >
      <svg
        className="w-6 h-6 stroke-zinc-500"
        fill="none"
        strokeWidth="1.5"
        viewBox="0 0 24 24"
        xmlns="http://www.w3.org/2000/svg"
      >
        <path
          d="M9 12.75 11.25 15 15 9.75M21 12a9 9 0 1 1-18 0 9 9 0 0 1 18 0Z"
          strokeLinecap="round"
          strokeLinejoin="round"
        />
      </svg>
      <span
        className="leading-6 ml-3"
      >
        Longer than 8 charaters
      </span>
    </div>
  </div>
</div>
`;
